// Jest Snapshot v1, https://goo.gl/fbAQLP

exports[`button.js server render 1`] = `
<div class="group"><a value="1" class="btn small" style="width:70px;">
    <!---->
    A
  </a><a value="2" class="btn small" style="width:70px;">
    <!---->
    B
  </a><a value="3" class="btn small" style="width:70px;">
    <!---->
    C
  </a><a value="home" class="btn small focus"><i class="icon-home"></i>
    Home
  </a><a value="gear" class="btn small"><i class="icon-gear"></i>
    Gear
  </a><a value="help" class="btn small"><i class="icon-help"></i>

  </a></div>
`;
