// Jest Snapshot v1, https://goo.gl/fbAQLP

exports[`button.js server render 1`] = `
<div
  class="group"
>
  <a
    class="btn small active"
    style="width: 70px;"
    value="1"
  >
    <!---->
    
        A
    
  </a>
  <a
    class="btn small"
    style="width: 70px;"
    value="2"
  >
    <!---->
    
        B
    
  </a>
  <a
    class="btn small"
    style="width: 70px;"
    value="3"
  >
    <!---->
    
        C
    
  </a>
  <a
    class="btn small focus"
    value="home"
  >
    <i
      class="icon-home"
    />
    
        Home
    
  </a>
  <a
    class="btn small"
    value="gear"
  >
    <i
      class="icon-gear"
    />
    
        Gear
    
  </a>
  <a
    class="btn small"
    value="help"
  >
    <i
      class="icon-help"
    />
    
        
    
  </a>
</div>
`;
