// Jest Snapshot v1, https://goo.gl/fbAQLP

exports[`combobox.js server render 1`] = `
<div
  class="combo"
  value="1"
>
  <a
    class="btn small"
  >
    a
  </a>
  <ul
    style="overflow-x: hidden; overflow-y: auto; max-height: 100px;"
  >
    <li>
      <a
        href="#"
        value="1"
      >
        a
      </a>
    </li>
  </ul>
   
  <a
    class="btn toggle small"
  >
    <i
      class="icon-arrow2"
    />
  </a>
   
</div>
`;
