// Jest Snapshot v1, https://goo.gl/fbAQLP

exports[`tab.js snapshot!! 1`] = `
<ul
  class="tab top"
>
  <li
    class=""
  >
    <a
      href="#"
    >
      <!---->
      
            Java
        
    </a>
  </li>
  <li
    class="active"
  >
    <a
      href="#"
    >
      <!---->
      
            JavaScript
        
    </a>
    <div
      class="anchor"
    />
  </li>
  <li
    class=""
  >
    <a
      href="#"
    >
      <!---->
      
            CSS
        
    </a>
  </li>
  <li
    class=""
  >
    <a
      href="#"
    >
      <!---->
      
            SCSS
        
    </a>
  </li>
</ul>
`;
